\BOOKMARK [0][-]{chapter*.1}{\376\377\003\240\003\265\003\301\003\257\003\273\003\267\003\310\003\267}{}% 1
\BOOKMARK [0][-]{chapter*.3}{\376\377\000A\000b\000s\000t\000r\000a\000c\000t}{}% 2
\BOOKMARK [0][-]{chapter*.5}{\376\377\003\225\003\305\003\307\003\261\003\301\003\271\003\303\003\304\003\257\003\265\003\302}{}% 3
\BOOKMARK [0][-]{chapter*.6}{\376\377\003\240\003\265\003\301\003\271\003\265\003\307\003\314\003\274\003\265\003\275\003\261}{}% 4
\BOOKMARK [0][-]{chapter*.7}{\376\377\000g\000r\000e\000e\000k\003\232\003\261\003\304\003\254\003\273\003\277\003\263\003\277\003\302\000\040\003\243\003\307\003\267\003\274\003\254\003\304\003\311\003\275}{}% 5
\BOOKMARK [0][-]{chapter*.8}{\376\377\003\232\003\261\003\304\003\254\003\273\003\277\003\263\003\277\003\302\000\040\003\240\003\271\003\275\003\254\003\272\003\311\003\275}{}% 6
\BOOKMARK [0][-]{chapter.1}{\376\377\000I\000n\000t\000r\000o\000d\000u\000c\000t\000i\000o\000n}{}% 7
\BOOKMARK [1][-]{section.1.1}{\376\377\000M\000o\000t\000i\000v\000a\000t\000i\000o\000n}{chapter.1}% 8
\BOOKMARK [1][-]{section.1.2}{\376\377\000P\000r\000o\000b\000l\000e\000m\000\040\000S\000t\000a\000t\000e\000m\000e\000n\000t}{chapter.1}% 9
\BOOKMARK [1][-]{section.1.3}{\376\377\000C\000o\000n\000t\000r\000i\000b\000u\000t\000i\000o\000n\000s}{chapter.1}% 10
\BOOKMARK [1][-]{section.1.4}{\376\377\000T\000h\000e\000s\000i\000s\000\040\000S\000t\000r\000u\000c\000t\000u\000r\000e}{chapter.1}% 11
\BOOKMARK [0][-]{chapter.2}{\376\377\000B\000a\000c\000k\000g\000r\000o\000u\000n\000d\000\040\000a\000n\000d\000\040\000R\000e\000l\000a\000t\000e\000d\000\040\000W\000o\000r\000k}{}% 12
\BOOKMARK [1][-]{section.2.1}{\376\377\000T\000e\000x\000t\000-\000A\000t\000t\000r\000i\000b\000u\000t\000e\000d\000\040\000G\000r\000a\000p\000h\000s}{chapter.2}% 13
\BOOKMARK [1][-]{section.2.2}{\376\377\000S\000t\000r\000u\000c\000t\000u\000r\000a\000l\000\040\000M\000e\000t\000h\000o\000d\000s}{chapter.2}% 14
\BOOKMARK [2][-]{subsection.2.2.1}{\376\377\000H\000e\000u\000r\000i\000s\000t\000i\000c\000\040\000I\000n\000d\000i\000c\000e\000s}{section.2.2}% 15
\BOOKMARK [2][-]{subsection.2.2.2}{\376\377\000G\000r\000a\000p\000h\000\040\000E\000m\000b\000e\000d\000d\000i\000n\000g\000s}{section.2.2}% 16
\BOOKMARK [1][-]{section.2.3}{\376\377\000S\000e\000m\000a\000n\000t\000i\000c\000\040\000M\000e\000t\000h\000o\000d\000s}{chapter.2}% 17
\BOOKMARK [2][-]{subsection.2.3.1}{\376\377\000T\000e\000x\000t\000\040\000R\000e\000p\000r\000e\000s\000e\000n\000t\000a\000t\000i\000o\000n\000s}{section.2.3}% 18
\BOOKMARK [2][-]{subsection.2.3.2}{\376\377\000P\000r\000e\000-\000t\000r\000a\000i\000n\000e\000d\000\040\000L\000a\000n\000g\000u\000a\000g\000e\000\040\000M\000o\000d\000e\000l\000s}{section.2.3}% 19
\BOOKMARK [1][-]{section.2.4}{\376\377\000H\000y\000b\000r\000i\000d\000\040\000A\000r\000c\000h\000i\000t\000e\000c\000t\000u\000r\000e\000s}{chapter.2}% 20
\BOOKMARK [1][-]{section.2.5}{\376\377\000T\000h\000e\000\040\000D\000S\000A\000A\000\040\0002\0000\0002\0003\000\040\000W\000i\000k\000i\000p\000e\000d\000i\000a\000\040\000B\000e\000n\000c\000h\000m\000a\000r\000k}{chapter.2}% 21
\BOOKMARK [1][-]{section.2.6}{\376\377\000G\000a\000p\000s\000\040\000i\000n\000\040\000E\000x\000i\000s\000t\000i\000n\000g\000\040\000W\000o\000r\000k}{chapter.2}% 22
\BOOKMARK [0][-]{chapter.3}{\376\377\000M\000e\000t\000h\000o\000d\000o\000l\000o\000g\000y}{}% 23
\BOOKMARK [1][-]{section.3.1}{\376\377\000F\000r\000a\000m\000e\000w\000o\000r\000k\000\040\000O\000v\000e\000r\000v\000i\000e\000w}{chapter.3}% 24
\BOOKMARK [1][-]{section.3.2}{\376\377\000D\000a\000t\000a\000\040\000P\000r\000e\000p\000r\000o\000c\000e\000s\000s\000i\000n\000g}{chapter.3}% 25
\BOOKMARK [2][-]{subsection.3.2.1}{\376\377\000T\000e\000x\000t\000\040\000C\000l\000e\000a\000n\000i\000n\000g}{section.3.2}% 26
\BOOKMARK [2][-]{subsection.3.2.2}{\376\377\000I\000n\000f\000o\000b\000o\000x\000\040\000a\000n\000d\000\040\000D\000e\000s\000c\000r\000i\000p\000t\000i\000o\000n\000\040\000E\000x\000t\000r\000a\000c\000t\000i\000o\000n}{section.3.2}% 27
\BOOKMARK [1][-]{section.3.3}{\376\377\000T\000i\000e\000r\000\040\0001\000\040\040\024\000\040\000S\000t\000r\000u\000c\000t\000u\000r\000a\000l\000\040\000H\000e\000u\000r\000i\000s\000t\000i\000c\000s}{chapter.3}% 28
\BOOKMARK [2][-]{subsection.3.3.1}{\376\377\000H\000e\000u\000r\000i\000s\000t\000i\000c\000\040\000I\000n\000d\000i\000c\000e\000s}{section.3.3}% 29
\BOOKMARK [2][-]{subsection.3.3.2}{\376\377\000N\000o\000d\000e\0002\000V\000e\000c\000\040\000E\000m\000b\000e\000d\000d\000i\000n\000g\000s}{section.3.3}% 30
\BOOKMARK [2][-]{subsection.3.3.3}{\376\377\000C\000o\000n\000f\000i\000d\000e\000n\000c\000e\000\040\000S\000c\000o\000r\000i\000n\000g}{section.3.3}% 31
\BOOKMARK [1][-]{section.3.4}{\376\377\000T\000i\000e\000r\000\040\0002\000\040\040\024\000\040\000L\000i\000g\000h\000t\000w\000e\000i\000g\000h\000t\000\040\000S\000e\000m\000a\000n\000t\000i\000c\000\040\000C\000l\000a\000s\000s\000i\000f\000i\000e\000r}{chapter.3}% 32
\BOOKMARK [2][-]{subsection.3.4.1}{\376\377\000T\000F\000-\000I\000D\000F\000\040\000+\000\040\000S\000V\000M}{section.3.4}% 33
\BOOKMARK [2][-]{subsection.3.4.2}{\376\377\000P\000O\000S\000-\000t\000a\000g\000\040\000F\000e\000a\000t\000u\000r\000e\000s\000\040\000+\000\040\000R\000a\000n\000d\000o\000m\000\040\000F\000o\000r\000e\000s\000t}{section.3.4}% 34
\BOOKMARK [1][-]{section.3.5}{\376\377\000T\000i\000e\000r\000\040\0003\000\040\040\024\000\040\000T\000r\000a\000n\000s\000f\000o\000r\000m\000e\000r\000\040\000R\000e\000f\000i\000n\000e\000m\000e\000n\000t}{chapter.3}% 35
\BOOKMARK [2][-]{subsection.3.5.1}{\376\377\000S\000e\000n\000t\000e\000n\000c\000e\000-\000R\000o\000B\000E\000R\000T\000a\000\040\000F\000i\000n\000e\000-\000t\000u\000n\000i\000n\000g}{section.3.5}% 36
\BOOKMARK [1][-]{section.3.6}{\376\377\000C\000o\000n\000f\000i\000d\000e\000n\000c\000e\000-\000b\000a\000s\000e\000d\000\040\000R\000o\000u\000t\000i\000n\000g}{chapter.3}% 37
\BOOKMARK [1][-]{section.3.7}{\376\377\000C\000o\000l\000d\000-\000s\000t\000a\000r\000t\000\040\000H\000a\000n\000d\000l\000i\000n\000g}{chapter.3}% 38
\BOOKMARK [0][-]{chapter.4}{\376\377\000E\000x\000p\000e\000r\000i\000m\000e\000n\000t\000s}{}% 39
\BOOKMARK [1][-]{section.4.1}{\376\377\000D\000a\000t\000a\000s\000e\000t}{chapter.4}% 40
\BOOKMARK [1][-]{section.4.2}{\376\377\000E\000x\000p\000e\000r\000i\000m\000e\000n\000t\000a\000l\000\040\000S\000e\000t\000u\000p}{chapter.4}% 41
\BOOKMARK [2][-]{subsection.4.2.1}{\376\377\000D\000a\000t\000a\000\040\000S\000p\000l\000i\000t\000s}{section.4.2}% 42
\BOOKMARK [2][-]{subsection.4.2.2}{\376\377\000E\000v\000a\000l\000u\000a\000t\000i\000o\000n\000\040\000M\000e\000t\000r\000i\000c\000s}{section.4.2}% 43
\BOOKMARK [2][-]{subsection.4.2.3}{\376\377\000B\000a\000s\000e\000l\000i\000n\000e\000s}{section.4.2}% 44
\BOOKMARK [2][-]{subsection.4.2.4}{\376\377\000I\000m\000p\000l\000e\000m\000e\000n\000t\000a\000t\000i\000o\000n\000\040\000D\000e\000t\000a\000i\000l\000s}{section.4.2}% 45
\BOOKMARK [1][-]{section.4.3}{\376\377\000R\000e\000s\000u\000l\000t\000s}{chapter.4}% 46
\BOOKMARK [2][-]{subsection.4.3.1}{\376\377\000S\000t\000a\000n\000d\000a\000r\000d\000\040\000S\000p\000l\000i\000t}{section.4.3}% 47
\BOOKMARK [2][-]{subsection.4.3.2}{\376\377\000T\000e\000m\000p\000o\000r\000a\000l\000\040\000S\000p\000l\000i\000t}{section.4.3}% 48
\BOOKMARK [2][-]{subsection.4.3.3}{\376\377\000C\000o\000l\000d\000-\000s\000t\000a\000r\000t\000\040\000S\000u\000b\000s\000e\000t}{section.4.3}% 49
\BOOKMARK [0][-]{chapter.5}{\376\377\000A\000n\000a\000l\000y\000s\000i\000s}{}% 50
\BOOKMARK [1][-]{section.5.1}{\376\377\000A\000b\000l\000a\000t\000i\000o\000n\000\040\000S\000t\000u\000d\000y}{chapter.5}% 51
\BOOKMARK [1][-]{section.5.2}{\376\377\000C\000o\000l\000d\000-\000s\000t\000a\000r\000t\000\040\000A\000n\000a\000l\000y\000s\000i\000s}{chapter.5}% 52
\BOOKMARK [1][-]{section.5.3}{\376\377\000E\000f\000f\000i\000c\000i\000e\000n\000c\000y\000\040\000B\000e\000n\000c\000h\000m\000a\000r\000k\000s}{chapter.5}% 53
\BOOKMARK [2][-]{subsection.5.3.1}{\376\377\000T\000h\000r\000o\000u\000g\000h\000p\000u\000t}{section.5.3}% 54
\BOOKMARK [2][-]{subsection.5.3.2}{\376\377\000T\000r\000a\000n\000s\000f\000o\000r\000m\000e\000r\000\040\000C\000a\000l\000l\000\040\000R\000a\000t\000e\000\040\000p\000e\000r\000\040\000T\000i\000e\000r\000\040\000T\000h\000r\000e\000s\000h\000o\000l\000d}{section.5.3}% 55
\BOOKMARK [1][-]{section.5.4}{\376\377\000E\000r\000r\000o\000r\000\040\000A\000n\000a\000l\000y\000s\000i\000s}{chapter.5}% 56
\BOOKMARK [0][-]{chapter.6}{\376\377\000C\000o\000n\000c\000l\000u\000s\000i\000o\000n}{}% 57
\BOOKMARK [1][-]{section.6.1}{\376\377\000S\000u\000m\000m\000a\000r\000y\000\040\000o\000f\000\040\000C\000o\000n\000t\000r\000i\000b\000u\000t\000i\000o\000n\000s}{chapter.6}% 58
\BOOKMARK [1][-]{section.6.2}{\376\377\000L\000i\000m\000i\000t\000a\000t\000i\000o\000n\000s}{chapter.6}% 59
\BOOKMARK [1][-]{section.6.3}{\376\377\000F\000u\000t\000u\000r\000e\000\040\000W\000o\000r\000k}{chapter.6}% 60
\BOOKMARK [0][-]{chapter.A}{\376\377\000S\000u\000p\000p\000l\000e\000m\000e\000n\000t\000a\000r\000y\000\040\000M\000a\000t\000e\000r\000i\000a\000l}{}% 61
\BOOKMARK [1][-]{section.A.1}{\376\377\000H\000y\000p\000e\000r\000p\000a\000r\000a\000m\000e\000t\000e\000r\000\040\000C\000o\000n\000f\000i\000g\000u\000r\000a\000t\000i\000o\000n\000s}{chapter.A}% 62
\BOOKMARK [1][-]{section.A.2}{\376\377\000A\000d\000d\000i\000t\000i\000o\000n\000a\000l\000\040\000R\000e\000s\000u\000l\000t\000s\000\040\000T\000a\000b\000l\000e\000s}{chapter.A}% 63
\BOOKMARK [1][-]{section.A.3}{\376\377\000D\000a\000t\000a\000s\000e\000t\000\040\000S\000t\000a\000t\000i\000s\000t\000i\000c\000s}{chapter.A}% 64
